[0m[32mCheck[0m src/orchestrator/main.ts
[0m[1mTS2307 [0m[ERROR]: Cannot find module 'file:///home/dagizoltan/workspace/counter-terrorist/src/orchestrator/infrastructure/system/ports.ts'.
    at [0m[36mfile:///home/dagizoltan/workspace/counter-terrorist/src/orchestrator/infrastructure/system/command_manager.ts[0m:[0m[33m1[0m:[0m[33m31[0m

[0m[1mTS2339 [0m[ERROR]: Property 'INFO' does not exist on type 'typeof SyslogSeverity'.
        this.logging.log(`[LEDGER] Synced Entry ${entry.index} from ${entry.nodeId}`, SyslogSeverity.INFO);
[0m[31m                                                                                                     ~~~~[0m
    at [0m[36mfile:///home/dagizoltan/workspace/counter-terrorist/src/orchestrator/domain/analysis/ledger_service.ts[0m:[0m[33m62[0m:[0m[33m102[0m

[0m[1mTS2353 [0m[ERROR]: Object literal may only specify known properties, and 'telemetry' does not exist in type '{ active: boolean; interface: string; available: boolean; mode?: string | undefined; }'.
                    telemetry: this.anonymization.getTelemetry()
[0m[31m                    ~~~~~~~~~[0m
    at [0m[36mfile:///home/dagizoltan/workspace/counter-terrorist/src/orchestrator/domain/analysis/metrics_service.ts[0m:[0m[33m183[0m:[0m[33m21[0m

    The expected type comes from property 'vpn' which is declared here on type 'SystemMetrics'
        vpn: {
    [0m[36m    ~~~[0m
        at [0m[36mfile:///home/dagizoltan/workspace/counter-terrorist/src/orchestrator/domain/analysis/metrics_service.ts[0m:[0m[33m57[0m:[0m[33m5[0m

[0m[1mTS1117 [0m[ERROR]: An object literal cannot have multiple properties with the same name.
                mesh: {
[0m[31m                ~~~~[0m
    at [0m[36mfile:///home/dagizoltan/workspace/counter-terrorist/src/orchestrator/domain/analysis/metrics_service.ts[0m:[0m[33m189[0m:[0m[33m17[0m

[0m[1mTS2353 [0m[ERROR]: Object literal may only specify known properties, and 'nodes' does not exist in type '{ activeNodes: number; totalNodes: number; selfId: string; }'.
                    nodes: meshNodes.length,
[0m[31m                    ~~~~~[0m
    at [0m[36mfile:///home/dagizoltan/workspace/counter-terrorist/src/orchestrator/domain/analysis/metrics_service.ts[0m:[0m[33m190[0m:[0m[33m21[0m

    The expected type comes from property 'mesh' which is declared here on type 'SystemMetrics'
        mesh: {
    [0m[36m    ~~~~[0m
        at [0m[36mfile:///home/dagizoltan/workspace/counter-terrorist/src/orchestrator/domain/analysis/metrics_service.ts[0m:[0m[33m22[0m:[0m[33m5[0m

[0m[1mTS1345 [0m[ERROR]: An expression of type 'void' cannot be tested for truthiness.
            if (res && (res as any).kv_snapshot && Array.isArray((res as any).kv_snapshot)) {
[0m[31m                ~~~[0m
    at [0m[36mfile:///home/dagizoltan/workspace/counter-terrorist/src/orchestrator/domain/engine/mesh.ts[0m:[0m[33m375[0m:[0m[33m17[0m

[0m[1mTS1345 [0m[ERROR]: An expression of type 'void' cannot be tested for truthiness.
              if (res && (res as any).approved) {
[0m[31m                  ~~~[0m
    at [0m[36mfile:///home/dagizoltan/workspace/counter-terrorist/src/orchestrator/domain/engine/mesh.ts[0m:[0m[33m432[0m:[0m[33m19[0m

[0m[1mTS2322 [0m[ERROR]: Type '(role?: Role | undefined) => Promise<Result<{ sessionId: string; csrfToken: string; }>>' is not assignable to type '(role?: Role) => Promise<{ sessionId: string; csrfToken: string; }>'.
  Type 'Promise<Result<{ sessionId: string; csrfToken: string; }>>' is not assignable to type 'Promise<{ sessionId: string; csrfToken: string; }>'.
    Type 'Result<{ sessionId: string; csrfToken: string; }>' is not assignable to type '{ sessionId: string; csrfToken: string; }'.
      Type '{ success: false; error: Error; }' is missing the following properties from type '{ sessionId: string; csrfToken: string; }': sessionId, csrfToken
    this.createSession = withTelemetry("Session:Create", this.createSession.bind(this), logging);
[0m[31m    ~~~~~~~~~~~~~~~~~~[0m
    at [0m[36mfile:///home/dagizoltan/workspace/counter-terrorist/src/orchestrator/domain/identity/session.ts[0m:[0m[33m35[0m:[0m[33m5[0m

[0m[1mTS2322 [0m[ERROR]: Type '(sessionId: string | undefined) => Promise<Result<Session | null>>' is not assignable to type '(sessionId: string | undefined) => Promise<Session | null>'.
  Type 'Promise<Result<Session | null>>' is not assignable to type 'Promise<Session | null>'.
    Type 'Result<Session | null>' is not assignable to type 'Session | null'.
      Type '{ success: false; error: Error; }' is missing the following properties from type 'Session': id, createdAt, expiresAt, csrfToken, role
    this.validateSession = withTelemetry("Session:Validate", this.validateSession.bind(this), logging);
[0m[31m    ~~~~~~~~~~~~~~~~~~~~[0m
    at [0m[36mfile:///home/dagizoltan/workspace/counter-terrorist/src/orchestrator/domain/identity/session.ts[0m:[0m[33m36[0m:[0m[33m5[0m

[0m[1mTS2322 [0m[ERROR]: Type '() => Promise<Result<void>>' is not assignable to type '() => Promise<void>'.
  Type 'Promise<Result<void>>' is not assignable to type 'Promise<void>'.
    Type 'Result<void>' is not assignable to type 'void'.
      Type '{ success: false; error: Error; }' is not assignable to type 'void'.
    this.revokeAllSessions = withTelemetry("Session:RevokeAll", this.revokeAllSessions.bind(this), logging);
[0m[31m    ~~~~~~~~~~~~~~~~~~~~~~[0m
    at [0m[36mfile:///home/dagizoltan/workspace/counter-terrorist/src/orchestrator/domain/identity/session.ts[0m:[0m[33m37[0m:[0m[33m5[0m

[0m[1mTS1205 [0m[ERROR]: Re-exporting a type when 'isolatedModules' is enabled requires using 'export type'.
export { CommandManager } from "@infrastructure/system/command_manager.ts";
[0m[31m         ~~~~~~~~~~~~~~[0m
    at [0m[36mfile:///home/dagizoltan/workspace/counter-terrorist/src/orchestrator/domain/index.ts[0m:[0m[33m2[0m:[0m[33m10[0m

[0m[1mTS2339 [0m[ERROR]: Property 'mode' does not exist on type 'AnonymizationService'.
        this.mode = initialMode;
[0m[31m             ~~~~[0m
    at [0m[36mfile:///home/dagizoltan/workspace/counter-terrorist/src/orchestrator/domain/protection/anonymization_service.ts[0m:[0m[33m33[0m:[0m[33m14[0m

[0m[1mTS2339 [0m[ERROR]: Property 'mode' does not exist on type 'AnonymizationService'.
        if (this.mode === StealthMode.OFF) return;
[0m[31m                 ~~~~[0m
    at [0m[36mfile:///home/dagizoltan/workspace/counter-terrorist/src/orchestrator/domain/protection/anonymization_service.ts[0m:[0m[33m34[0m:[0m[33m18[0m

[0m[1mTS2339 [0m[ERROR]: Property 'mode' does not exist on type 'AnonymizationService'.
        this.logging.log(`[ANON] Anonymization active. Mode: ${this.mode}. Initializing stealth tunnel...`, SyslogSeverity.NOTICE);
[0m[31m                                                                    ~~~~[0m
    at [0m[36mfile:///home/dagizoltan/workspace/counter-terrorist/src/orchestrator/domain/protection/anonymization_service.ts[0m:[0m[33m36[0m:[0m[33m69[0m

[0m[1mTS2339 [0m[ERROR]: Property 'mode' does not exist on type 'AnonymizationService'.
        const intervalMs = this.mode === StealthMode.TOR ? 4 * 60 * 60 * 1000 : 12 * 60 * 60 * 1000;
[0m[31m                                ~~~~[0m
    at [0m[36mfile:///home/dagizoltan/workspace/counter-terrorist/src/orchestrator/domain/protection/anonymization_service.ts[0m:[0m[33m41[0m:[0m[33m33[0m

[0m[1mTS2339 [0m[ERROR]: Property 'rotationInterval' does not exist on type 'AnonymizationService'.
        this.rotationInterval = setInterval(() => this.rotate(), intervalMs);
[0m[31m             ~~~~~~~~~~~~~~~~[0m
    at [0m[36mfile:///home/dagizoltan/workspace/counter-terrorist/src/orchestrator/domain/protection/anonymization_service.ts[0m:[0m[33m42[0m:[0m[33m14[0m

[0m[1mTS2339 [0m[ERROR]: Property 'mode' does not exist on type 'AnonymizationService'.
        if (this.mode === newMode) return;
[0m[31m                 ~~~~[0m
    at [0m[36mfile:///home/dagizoltan/workspace/counter-terrorist/src/orchestrator/domain/protection/anonymization_service.ts[0m:[0m[33m46[0m:[0m[33m18[0m

[0m[1mTS2339 [0m[ERROR]: Property 'mode' does not exist on type 'AnonymizationService'.
        this.logging.log(`[ANON] Switching stealth mode: ${this.mode} -> ${newMode}`, SyslogSeverity.NOTICE);
[0m[31m                                                                ~~~~[0m
    at [0m[36mfile:///home/dagizoltan/workspace/counter-terrorist/src/orchestrator/domain/protection/anonymization_service.ts[0m:[0m[33m48[0m:[0m[33m65[0m

[0m[1mTS2339 [0m[ERROR]: Property 'mode' does not exist on type 'AnonymizationService'.
        this.mode = newMode;
[0m[31m             ~~~~[0m
    at [0m[36mfile:///home/dagizoltan/workspace/counter-terrorist/src/orchestrator/domain/protection/anonymization_service.ts[0m:[0m[33m49[0m:[0m[33m14[0m

[0m[1mTS2339 [0m[ERROR]: Property 'rotationInterval' does not exist on type 'AnonymizationService'.
        if (this.rotationInterval) clearInterval(this.rotationInterval);
[0m[31m                 ~~~~~~~~~~~~~~~~[0m
    at [0m[36mfile:///home/dagizoltan/workspace/counter-terrorist/src/orchestrator/domain/protection/anonymization_service.ts[0m:[0m[33m51[0m:[0m[33m18[0m

[0m[1mTS2339 [0m[ERROR]: Property 'rotationInterval' does not exist on type 'AnonymizationService'.
        if (this.rotationInterval) clearInterval(this.rotationInterval);
[0m[31m                                                      ~~~~~~~~~~~~~~~~[0m
    at [0m[36mfile:///home/dagizoltan/workspace/counter-terrorist/src/orchestrator/domain/protection/anonymization_service.ts[0m:[0m[33m51[0m:[0m[33m55[0m

[0m[1mTS2339 [0m[ERROR]: Property 'mode' does not exist on type 'AnonymizationService'.
        if (this.mode !== StealthMode.OFF) {
[0m[31m                 ~~~~[0m
    at [0m[36mfile:///home/dagizoltan/workspace/counter-terrorist/src/orchestrator/domain/protection/anonymization_service.ts[0m:[0m[33m53[0m:[0m[33m18[0m

[0m[1mTS2339 [0m[ERROR]: Property 'mode' does not exist on type 'AnonymizationService'.
            const intervalMs = this.mode === StealthMode.TOR ? 4 * 60 * 60 * 1000 : 12 * 60 * 60 * 1000;
[0m[31m                                    ~~~~[0m
    at [0m[36mfile:///home/dagizoltan/workspace/counter-terrorist/src/orchestrator/domain/protection/anonymization_service.ts[0m:[0m[33m55[0m:[0m[33m37[0m

[0m[1mTS2339 [0m[ERROR]: Property 'rotationInterval' does not exist on type 'AnonymizationService'.
            this.rotationInterval = setInterval(() => this.rotate(), intervalMs);
[0m[31m                 ~~~~~~~~~~~~~~~~[0m
    at [0m[36mfile:///home/dagizoltan/workspace/counter-terrorist/src/orchestrator/domain/protection/anonymization_service.ts[0m:[0m[33m56[0m:[0m[33m18[0m

[0m[1mTS2339 [0m[ERROR]: Property 'mode' does not exist on type 'AnonymizationService'.
        this.logging.log(`[ANON] Initiating ${this.mode} rotation sequence...`, SyslogSeverity.INFORMATIONAL);
[0m[31m                                                   ~~~~[0m
    at [0m[36mfile:///home/dagizoltan/workspace/counter-terrorist/src/orchestrator/domain/protection/anonymization_service.ts[0m:[0m[33m63[0m:[0m[33m52[0m

[0m[1mTS2339 [0m[ERROR]: Property 'mode' does not exist on type 'AnonymizationService'.
            switch (this.mode) {
[0m[31m                         ~~~~[0m
    at [0m[36mfile:///home/dagizoltan/workspace/counter-terrorist/src/orchestrator/domain/protection/anonymization_service.ts[0m:[0m[33m66[0m:[0m[33m26[0m

[0m[1mTS2339 [0m[ERROR]: Property 'mode' does not exist on type 'AnonymizationService'.
            this.logging.log(`[ANON] Rotation failed for ${this.mode}: ${(e as Error).message}`, SyslogSeverity.ERROR);
[0m[31m                                                                ~~~~[0m
    at [0m[36mfile:///home/dagizoltan/workspace/counter-terrorist/src/orchestrator/domain/protection/anonymization_service.ts[0m:[0m[33m82[0m:[0m[33m65[0m

[0m[1mTS2339 [0m[ERROR]: Property 'mode' does not exist on type 'AnonymizationService'.
        return this.mode;
[0m[31m                    ~~~~[0m
    at [0m[36mfile:///home/dagizoltan/workspace/counter-terrorist/src/orchestrator/domain/protection/anonymization_service.ts[0m:[0m[33m103[0m:[0m[33m21[0m

[0m[1mTS2339 [0m[ERROR]: Property 'mode' does not exist on type 'AnonymizationService'.
            mode: this.mode,
[0m[31m                       ~~~~[0m
    at [0m[36mfile:///home/dagizoltan/workspace/counter-terrorist/src/orchestrator/domain/protection/anonymization_service.ts[0m:[0m[33m108[0m:[0m[33m24[0m

[0m[1mTS2339 [0m[ERROR]: Property 'mode' does not exist on type 'AnonymizationService'.
            status: this.mode !== StealthMode.OFF ? "ACTIVE" : "INACTIVE"
[0m[31m                         ~~~~[0m
    at [0m[36mfile:///home/dagizoltan/workspace/counter-terrorist/src/orchestrator/domain/protection/anonymization_service.ts[0m:[0m[33m111[0m:[0m[33m26[0m

[0m[1mTS2339 [0m[ERROR]: Property 'rotationInterval' does not exist on type 'AnonymizationService'.
        if (this.rotationInterval) clearInterval(this.rotationInterval);
[0m[31m                 ~~~~~~~~~~~~~~~~[0m
    at [0m[36mfile:///home/dagizoltan/workspace/counter-terrorist/src/orchestrator/domain/protection/anonymization_service.ts[0m:[0m[33m116[0m:[0m[33m18[0m

[0m[1mTS2339 [0m[ERROR]: Property 'rotationInterval' does not exist on type 'AnonymizationService'.
        if (this.rotationInterval) clearInterval(this.rotationInterval);
[0m[31m                                                      ~~~~~~~~~~~~~~~~[0m
    at [0m[36mfile:///home/dagizoltan/workspace/counter-terrorist/src/orchestrator/domain/protection/anonymization_service.ts[0m:[0m[33m116[0m:[0m[33m55[0m

[0m[1mTS2339 [0m[ERROR]: Property 'mode' does not exist on type 'AnonymizationService'.
        this.mode = StealthMode.OFF;
[0m[31m             ~~~~[0m
    at [0m[36mfile:///home/dagizoltan/workspace/counter-terrorist/src/orchestrator/domain/protection/anonymization_service.ts[0m:[0m[33m117[0m:[0m[33m14[0m

[0m[1mTS2339 [0m[ERROR]: Property 'executeAsync' does not exist on type 'SystemExecutor'.
            this.executor.executeAsync(cmd, args).catch(err => {
[0m[31m                          ~~~~~~~~~~~~[0m
    at [0m[36mfile:///home/dagizoltan/workspace/counter-terrorist/src/orchestrator/domain/protection/shadow_service.ts[0m:[0m[33m51[0m:[0m[33m27[0m

[0m[1mTS7006 [0m[ERROR]: Parameter 'err' implicitly has an 'any' type.
            this.executor.executeAsync(cmd, args).catch(err => {
[0m[31m                                                        ~~~[0m
    at [0m[36mfile:///home/dagizoltan/workspace/counter-terrorist/src/orchestrator/domain/protection/shadow_service.ts[0m:[0m[33m51[0m:[0m[33m57[0m

[0m[1mTS2353 [0m[ERROR]: Object literal may only specify known properties, and 'unref' does not exist in type 'CommandOptions'.
            unref: true, // Allow the orchestrator to exit while the watchdog stays alive
[0m[31m            ~~~~~[0m
    at [0m[36mfile:///home/dagizoltan/workspace/counter-terrorist/src/orchestrator/domain/protection/shadow_service.ts[0m:[0m[33m96[0m:[0m[33m13[0m

Found 36 errors.

[0m[1m[31merror[0m: Type checking failed.
