[0m[32mTask[0m [0m[36mstart[0m deno run --allow-net --allow-read --allow-write --allow-run --allow-sys --allow-env --unstable-kv orchestrator/main.ts
[PLUGINS] Registered plugin: firewall
[PLUGINS] Registered plugin: vpn
[PLUGINS] Registered plugin: honeypot
[PLUGINS] Registered plugin: ssh_honeypot
[PLUGINS] Registered plugin: redis_honeypot
[FIREWALL-PLUGIN] Failed to start: Firewall is unavailable.
[PLUGINS] Started plugin: firewall
[VPN-PLUGIN] VPN service plugin started.
[PLUGINS] Started plugin: vpn
[HONEYPOT] Starting Honeypot Sidecar...
[SIDE-MAN] Spawned persistent sidecar: honeypot
[PLUGINS] Started plugin: honeypot
[SSH-HONEYPOT] Listening on port 2222
[PLUGINS] Started plugin: ssh_honeypot
[REDIS-HONEYPOT] Listening on port 6379
[PLUGINS] Started plugin: redis_honeypot
[HONEYPOT] Status: Honeypot Sidecar Started
[HONEYPOT] Status: Failed to bind to port 22: Permission denied (os error 13)
[HONEYPOT] Status: Failed to bind to port 23: Permission denied (os error 13)
[HONEYPOT] Status: Failed to bind to port 3389: Address already in use (os error 98)
[HONEYPOT] Status: Failed to bind to port 445: Permission denied (os error 13)
[MESH] Failed to send mDNS broadcast TypeError: Deno.listenDatagram is not a function
    at MeshManager.scanNetwork (file:///app/orchestrator/services/mesh.ts:113:27)
    at MeshManager.startDiscovery (file:///app/orchestrator/services/mesh.ts:56:10)
    at MeshAdapter.startDiscovery (file:///app/orchestrator/adapters/mesh_adapter.ts:11:18)
    at initializeApplication (file:///app/orchestrator/core/application.ts:37:13)
    at async file:///app/orchestrator/main.ts:47:13
[MESH] mDNS listener failed: Deno.listenDatagram is not a function
[WEB] Starting server on port 8000
Listening on http://0.0.0.0:8000/ (http://localhost:8000/)
