[0m[32mCheck[0m src/orchestrator/main.ts
[0m[32mCheck[0m tests/antivirus_test.ts
[0m[32mCheck[0m tests/bootstrapper_test.ts
[0m[32mCheck[0m tests/cors_security_test.ts
[0m[32mCheck[0m tests/event_bus_test.ts
[0m[32mCheck[0m tests/perf_baseline_benchmark.ts
[0m[32mCheck[0m tests/perf_dir_scan.ts
[0m[32mCheck[0m tests/perf_file_drift_benchmark.ts
[0m[32mCheck[0m tests/playbook_test.ts
[0m[32mCheck[0m tests/protection_factory_test.ts
[0m[32mCheck[0m tests/protection_index_test.ts
[0m[32mCheck[0m tests/rbac_security_test.ts
[0m[32mCheck[0m tests/rkhunter_test.ts
[0m[32mCheck[0m tests/security_clamscan_test.ts
[0m[32mCheck[0m tests/security_validation_test.ts
[0m[32mCheck[0m tests/toctou_fix_test.ts
[0m[32mCheck[0m tests/windows_persistence_security_test.ts
[0m[1mTS2307 [0m[ERROR]: Cannot find module 'file:///home/dagizoltan/workspace/counter-terrorist/src/orchestrator/infrastructure/runtime/command_manager.ts'.
    at [0m[36mfile:///home/dagizoltan/workspace/counter-terrorist/tests/protection_factory_test.ts[0m:[0m[33m6[0m:[0m[33m31[0m

[0m[1mTS2305 [0m[ERROR]: Module '"file:///home/dagizoltan/workspace/counter-terrorist/src/orchestrator/services/index.ts"' has no exported member 'MorphingService'.
  MorphingService,
[0m[31m  ~~~~~~~~~~~~~~~[0m
    at [0m[36mfile:///home/dagizoltan/workspace/counter-terrorist/src/orchestrator/core/container.ts[0m:[0m[33m10[0m:[0m[33m3[0m

[0m[1mTS2305 [0m[ERROR]: Module '"file:///home/dagizoltan/workspace/counter-terrorist/src/orchestrator/services/index.ts"' has no exported member 'ChaosEngine'.
  ChaosEngine,
[0m[31m  ~~~~~~~~~~~[0m
    at [0m[36mfile:///home/dagizoltan/workspace/counter-terrorist/src/orchestrator/core/container.ts[0m:[0m[33m11[0m:[0m[33m3[0m

[0m[1mTS4114 [0m[ERROR]: This member must have an 'override' modifier because it overrides a member in the base class 'KvRepository<T>'.
  async set(id: string, data: T): Promise<void> {
[0m[31m        ~~~[0m
    at [0m[36mfile:///home/dagizoltan/workspace/counter-terrorist/src/orchestrator/infrastructure/persistence/repositories/timeline_repository.ts[0m:[0m[33m8[0m:[0m[33m9[0m

[0m[1mTS2416 [0m[ERROR]: Property 'sendCommand' in type 'SidecarManager' is not assignable to the same property in base type 'CommandPort'.
  Type '(name: string, cmd: string | object) => Promise<SidecarResponse>' is not assignable to type '(sidecar: string, command: any) => Promise<CommandResult>'.
    Type 'Promise<SidecarResponse>' is not assignable to type 'Promise<CommandResult>'.
      Type 'SidecarResponse' is not assignable to type 'CommandResult'.
        Types of property 'stdout' are incompatible.
          Type 'string | undefined' is not assignable to type 'string'.
            Type 'undefined' is not assignable to type 'string'.
  async sendCommand(name: string, cmd: string | object): Promise<SidecarResponse> {
[0m[31m        ~~~~~~~~~~~[0m
    at [0m[36mfile:///home/dagizoltan/workspace/counter-terrorist/src/orchestrator/infrastructure/runtime/sidecar_manager.ts[0m:[0m[33m266[0m:[0m[33m9[0m

[0m[1mTS2345 [0m[ERROR]: Argument of type 'WindowsFirewallProvider' is not assignable to parameter of type 'FirewallProvider'.
  Property 'shadowBanIp' is missing in type 'WindowsFirewallProvider' but required in type 'FirewallProvider'.
    return new FirewallManager(new WindowsFirewallProvider(executor));
[0m[31m                               ~~~~~~~~~~~~~~~~~~~~~~~~~~~~~~~~~~~~~[0m
    at [0m[36mfile:///home/dagizoltan/workspace/counter-terrorist/src/orchestrator/infrastructure/system/protection/factory.ts[0m:[0m[33m19[0m:[0m[33m32[0m

    'shadowBanIp' is declared here.
      shadowBanIp(ip: string): Promise<CommandResult>;
    [0m[36m  ~~~~~~~~~~~~~~~~~~~~~~~~~~~~~~~~~~~~~~~~~~~~~~~~[0m
        at [0m[36mfile:///home/dagizoltan/workspace/counter-terrorist/src/orchestrator/infrastructure/system/protection/interfaces.ts[0m:[0m[33m5[0m:[0m[33m3[0m

[0m[1mTS2420 [0m[ERROR]: Class 'WindowsFirewallProvider' incorrectly implements interface 'FirewallProvider'.
  Property 'shadowBanIp' is missing in type 'WindowsFirewallProvider' but required in type 'FirewallProvider'.
export class WindowsFirewallProvider implements FirewallProvider {
[0m[31m             ~~~~~~~~~~~~~~~~~~~~~~~[0m
    at [0m[36mfile:///home/dagizoltan/workspace/counter-terrorist/src/orchestrator/infrastructure/system/protection/providers/windows_firewall.ts[0m:[0m[33m5[0m:[0m[33m14[0m

    'shadowBanIp' is declared here.
      shadowBanIp(ip: string): Promise<CommandResult>;
    [0m[36m  ~~~~~~~~~~~~~~~~~~~~~~~~~~~~~~~~~~~~~~~~~~~~~~~~[0m
        at [0m[36mfile:///home/dagizoltan/workspace/counter-terrorist/src/orchestrator/infrastructure/system/protection/interfaces.ts[0m:[0m[33m5[0m:[0m[33m3[0m

[0m[1mTS2339 [0m[ERROR]: Property 'success' does not exist on type '{ valid: boolean; eventsChecked: number; brokenAt?: { eventId: string; expected: string; actual: string; } | undefined; }'.
      if (!result.success) {
[0m[31m                  ~~~~~~~[0m
    at [0m[36mfile:///home/dagizoltan/workspace/counter-terrorist/src/orchestrator/interface/web/api/audit.ts[0m:[0m[33m21[0m:[0m[33m19[0m

[0m[1mTS2339 [0m[ERROR]: Property 'error' does not exist on type '{ valid: boolean; eventsChecked: number; brokenAt?: { eventId: string; expected: string; actual: string; } | undefined; }'.
        return c.json({ error: "Failed to verify chain", details: result.error.message }, 500);
[0m[31m                                                                         ~~~~~[0m
    at [0m[36mfile:///home/dagizoltan/workspace/counter-terrorist/src/orchestrator/interface/web/api/audit.ts[0m:[0m[33m22[0m:[0m[33m74[0m

[0m[1mTS2339 [0m[ERROR]: Property 'data' does not exist on type '{ valid: boolean; eventsChecked: number; brokenAt?: { eventId: string; expected: string; actual: string; } | undefined; }'.
      const data = result.data;
[0m[31m                          ~~~~[0m
    at [0m[36mfile:///home/dagizoltan/workspace/counter-terrorist/src/orchestrator/interface/web/api/audit.ts[0m:[0m[33m25[0m:[0m[33m27[0m

[0m[1mTS2322 [0m[ERROR]: Type 'true' is not assignable to type 'CrossOrigin'.
        <link rel="preconnect" href="https://fonts.gstatic.com" crossorigin />
[0m[31m                                                                ~~~~~~~~~~~[0m
    at [0m[36mfile:///home/dagizoltan/workspace/counter-terrorist/src/orchestrator/interface/web/components/Layout.tsx[0m:[0m[33m23[0m:[0m[33m65[0m

    The expected type comes from property 'crossorigin' which is declared here on type 'LinkHTMLAttributes'
          crossorigin?: CrossOrigin
    [0m[36m      ~~~~~~~~~~~[0m
        at [0m[36mhttps://deno.land/x/hono@v4.3.7/jsx/intrinsic-elements.ts[0m:[0m[33m396[0m:[0m[33m7[0m

[0m[1mTS2339 [0m[ERROR]: Property 'description' does not exist on type '{ name: string; status: string; details?: any; }'.
                {agent.description || "Active security sidecar providing autonomous enforcement and real-time mesh telemetry."}
[0m[31m                       ~~~~~~~~~~~[0m
    at [0m[36mfile:///home/dagizoltan/workspace/counter-terrorist/src/orchestrator/interface/web/features/agents/page.tsx[0m:[0m[33m45[0m:[0m[33m24[0m

[0m[1mTS2874 [0m[ERROR]: This JSX tag requires 'jsx' to be in scope, but it could not be found.
    <Layout title="Mesh Integrity // Autonomous Defense Mesh">
[0m[31m     ~~~~~~[0m
    at [0m[36mfile:///home/dagizoltan/workspace/counter-terrorist/src/orchestrator/interface/web/features/audit/integrity.tsx[0m:[0m[33m5[0m:[0m[33m6[0m

[0m[1mTS2874 [0m[ERROR]: This JSX tag requires 'jsx' to be in scope, but it could not be found.
      <div class="p-8 max-w-7xl mx-auto">
[0m[31m       ~~~[0m
    at [0m[36mfile:///home/dagizoltan/workspace/counter-terrorist/src/orchestrator/interface/web/features/audit/integrity.tsx[0m:[0m[33m6[0m:[0m[33m8[0m

[0m[1mTS2874 [0m[ERROR]: This JSX tag requires 'jsx' to be in scope, but it could not be found.
        <header class="mb-12">
[0m[31m         ~~~~~~[0m
    at [0m[36mfile:///home/dagizoltan/workspace/counter-terrorist/src/orchestrator/interface/web/features/audit/integrity.tsx[0m:[0m[33m7[0m:[0m[33m10[0m

[0m[1mTS2874 [0m[ERROR]: This JSX tag requires 'jsx' to be in scope, but it could not be found.
          <div class="flex items-center gap-3 mb-2">
[0m[31m           ~~~[0m
    at [0m[36mfile:///home/dagizoltan/workspace/counter-terrorist/src/orchestrator/interface/web/features/audit/integrity.tsx[0m:[0m[33m8[0m:[0m[33m12[0m

[0m[1mTS2874 [0m[ERROR]: This JSX tag requires 'jsx' to be in scope, but it could not be found.
            <div class="h-[1px] w-8 bg-blue-500"></div>
[0m[31m             ~~~[0m
    at [0m[36mfile:///home/dagizoltan/workspace/counter-terrorist/src/orchestrator/interface/web/features/audit/integrity.tsx[0m:[0m[33m9[0m:[0m[33m14[0m

[0m[1mTS2874 [0m[ERROR]: This JSX tag requires 'jsx' to be in scope, but it could not be found.
            <span class="text-[10px] font-black uppercase tracking-[0.4em] text-blue-500">System Security</span>
[0m[31m             ~~~~[0m
    at [0m[36mfile:///home/dagizoltan/workspace/counter-terrorist/src/orchestrator/interface/web/features/audit/integrity.tsx[0m:[0m[33m10[0m:[0m[33m14[0m

[0m[1mTS2874 [0m[ERROR]: This JSX tag requires 'jsx' to be in scope, but it could not be found.
          <h1 class="text-5xl font-black tracking-tighter text-white mb-4 italic">
[0m[31m           ~~[0m
    at [0m[36mfile:///home/dagizoltan/workspace/counter-terrorist/src/orchestrator/interface/web/features/audit/integrity.tsx[0m:[0m[33m12[0m:[0m[33m12[0m

[0m[1mTS2874 [0m[ERROR]: This JSX tag requires 'jsx' to be in scope, but it could not be found.
          <p class="text-slate-500 max-w-2xl font-medium leading-relaxed">
[0m[31m           ^[0m
    at [0m[36mfile:///home/dagizoltan/workspace/counter-terrorist/src/orchestrator/interface/web/features/audit/integrity.tsx[0m:[0m[33m15[0m:[0m[33m12[0m

[0m[1mTS2874 [0m[ERROR]: This JSX tag requires 'jsx' to be in scope, but it could not be found.
        <div id="integrity-island-container">
[0m[31m         ~~~[0m
    at [0m[36mfile:///home/dagizoltan/workspace/counter-terrorist/src/orchestrator/interface/web/features/audit/integrity.tsx[0m:[0m[33m20[0m:[0m[33m10[0m

[0m[1mTS2874 [0m[ERROR]: This JSX tag requires 'jsx' to be in scope, but it could not be found.
      <script type="module" dangerouslySetInnerHTML={{ __html: `
[0m[31m       ~~~~~~[0m
    at [0m[36mfile:///home/dagizoltan/workspace/counter-terrorist/src/orchestrator/interface/web/features/audit/integrity.tsx[0m:[0m[33m25[0m:[0m[33m8[0m

[0m[1mTS2874 [0m[ERROR]: This JSX tag requires 'jsx' to be in scope, but it could not be found.
    <Layout title="Forensic Replay // Autonomous Defense Mesh">
[0m[31m     ~~~~~~[0m
    at [0m[36mfile:///home/dagizoltan/workspace/counter-terrorist/src/orchestrator/interface/web/features/forensics/replay.tsx[0m:[0m[33m5[0m:[0m[33m6[0m

[0m[1mTS2874 [0m[ERROR]: This JSX tag requires 'jsx' to be in scope, but it could not be found.
      <div class="p-8 max-w-7xl mx-auto">
[0m[31m       ~~~[0m
    at [0m[36mfile:///home/dagizoltan/workspace/counter-terrorist/src/orchestrator/interface/web/features/forensics/replay.tsx[0m:[0m[33m6[0m:[0m[33m8[0m

[0m[1mTS2874 [0m[ERROR]: This JSX tag requires 'jsx' to be in scope, but it could not be found.
        <header class="mb-12">
[0m[31m         ~~~~~~[0m
    at [0m[36mfile:///home/dagizoltan/workspace/counter-terrorist/src/orchestrator/interface/web/features/forensics/replay.tsx[0m:[0m[33m7[0m:[0m[33m10[0m

[0m[1mTS2874 [0m[ERROR]: This JSX tag requires 'jsx' to be in scope, but it could not be found.
          <div class="flex items-center gap-3 mb-2">
[0m[31m           ~~~[0m
    at [0m[36mfile:///home/dagizoltan/workspace/counter-terrorist/src/orchestrator/interface/web/features/forensics/replay.tsx[0m:[0m[33m8[0m:[0m[33m12[0m

[0m[1mTS2874 [0m[ERROR]: This JSX tag requires 'jsx' to be in scope, but it could not be found.
            <div class="h-[1px] w-8 bg-red-500"></div>
[0m[31m             ~~~[0m
    at [0m[36mfile:///home/dagizoltan/workspace/counter-terrorist/src/orchestrator/interface/web/features/forensics/replay.tsx[0m:[0m[33m9[0m:[0m[33m14[0m

[0m[1mTS2874 [0m[ERROR]: This JSX tag requires 'jsx' to be in scope, but it could not be found.
            <span class="text-[10px] font-black uppercase tracking-[0.4em] text-red-500">Post-Mortem Engine</span>
[0m[31m             ~~~~[0m
    at [0m[36mfile:///home/dagizoltan/workspace/counter-terrorist/src/orchestrator/interface/web/features/forensics/replay.tsx[0m:[0m[33m10[0m:[0m[33m14[0m

[0m[1mTS2874 [0m[ERROR]: This JSX tag requires 'jsx' to be in scope, but it could not be found.
          <h1 class="text-5xl font-black tracking-tighter text-white mb-4 italic">
[0m[31m           ~~[0m
    at [0m[36mfile:///home/dagizoltan/workspace/counter-terrorist/src/orchestrator/interface/web/features/forensics/replay.tsx[0m:[0m[33m12[0m:[0m[33m12[0m

[0m[1mTS2874 [0m[ERROR]: This JSX tag requires 'jsx' to be in scope, but it could not be found.
          <p class="text-slate-500 max-w-2xl font-medium leading-relaxed">
[0m[31m           ^[0m
    at [0m[36mfile:///home/dagizoltan/workspace/counter-terrorist/src/orchestrator/interface/web/features/forensics/replay.tsx[0m:[0m[33m15[0m:[0m[33m12[0m

[0m[1mTS2874 [0m[ERROR]: This JSX tag requires 'jsx' to be in scope, but it could not be found.
        <div id="replay-island-container">
[0m[31m         ~~~[0m
    at [0m[36mfile:///home/dagizoltan/workspace/counter-terrorist/src/orchestrator/interface/web/features/forensics/replay.tsx[0m:[0m[33m20[0m:[0m[33m10[0m

[0m[1mTS2874 [0m[ERROR]: This JSX tag requires 'jsx' to be in scope, but it could not be found.
      <script type="module" dangerouslySetInnerHTML={{ __html: `
[0m[31m       ~~~~~~[0m
    at [0m[36mfile:///home/dagizoltan/workspace/counter-terrorist/src/orchestrator/interface/web/features/forensics/replay.tsx[0m:[0m[33m25[0m:[0m[33m8[0m

[0m[1mTS2874 [0m[ERROR]: This JSX tag requires 'jsx' to be in scope, but it could not be found.
    <Layout title="Mesh Heatmap // Autonomous Defense Mesh">
[0m[31m     ~~~~~~[0m
    at [0m[36mfile:///home/dagizoltan/workspace/counter-terrorist/src/orchestrator/interface/web/features/intel/map.tsx[0m:[0m[33m5[0m:[0m[33m6[0m

[0m[1mTS2874 [0m[ERROR]: This JSX tag requires 'jsx' to be in scope, but it could not be found.
      <div class="p-8 max-w-7xl mx-auto">
[0m[31m       ~~~[0m
    at [0m[36mfile:///home/dagizoltan/workspace/counter-terrorist/src/orchestrator/interface/web/features/intel/map.tsx[0m:[0m[33m6[0m:[0m[33m8[0m

[0m[1mTS2874 [0m[ERROR]: This JSX tag requires 'jsx' to be in scope, but it could not be found.
        <header class="mb-12">
[0m[31m         ~~~~~~[0m
    at [0m[36mfile:///home/dagizoltan/workspace/counter-terrorist/src/orchestrator/interface/web/features/intel/map.tsx[0m:[0m[33m7[0m:[0m[33m10[0m

[0m[1mTS2874 [0m[ERROR]: This JSX tag requires 'jsx' to be in scope, but it could not be found.
          <div class="flex items-center gap-3 mb-2">
[0m[31m           ~~~[0m
    at [0m[36mfile:///home/dagizoltan/workspace/counter-terrorist/src/orchestrator/interface/web/features/intel/map.tsx[0m:[0m[33m8[0m:[0m[33m12[0m

[0m[1mTS2874 [0m[ERROR]: This JSX tag requires 'jsx' to be in scope, but it could not be found.
            <div class="h-[1px] w-8 bg-green-500"></div>
[0m[31m             ~~~[0m
    at [0m[36mfile:///home/dagizoltan/workspace/counter-terrorist/src/orchestrator/interface/web/features/intel/map.tsx[0m:[0m[33m9[0m:[0m[33m14[0m

[0m[1mTS2874 [0m[ERROR]: This JSX tag requires 'jsx' to be in scope, but it could not be found.
            <span class="text-[10px] font-black uppercase tracking-[0.4em] text-green-500">Spatial Intelligence</span>
[0m[31m             ~~~~[0m
    at [0m[36mfile:///home/dagizoltan/workspace/counter-terrorist/src/orchestrator/interface/web/features/intel/map.tsx[0m:[0m[33m10[0m:[0m[33m14[0m

[0m[1mTS2874 [0m[ERROR]: This JSX tag requires 'jsx' to be in scope, but it could not be found.
          <h1 class="text-5xl font-black tracking-tighter text-white mb-4 italic">
[0m[31m           ~~[0m
    at [0m[36mfile:///home/dagizoltan/workspace/counter-terrorist/src/orchestrator/interface/web/features/intel/map.tsx[0m:[0m[33m12[0m:[0m[33m12[0m

[0m[1mTS2874 [0m[ERROR]: This JSX tag requires 'jsx' to be in scope, but it could not be found.
          <p class="text-slate-500 max-w-2xl font-medium leading-relaxed">
[0m[31m           ^[0m
    at [0m[36mfile:///home/dagizoltan/workspace/counter-terrorist/src/orchestrator/interface/web/features/intel/map.tsx[0m:[0m[33m15[0m:[0m[33m12[0m

[0m[1mTS2874 [0m[ERROR]: This JSX tag requires 'jsx' to be in scope, but it could not be found.
        <div id="heatmap-island-container">
[0m[31m         ~~~[0m
    at [0m[36mfile:///home/dagizoltan/workspace/counter-terrorist/src/orchestrator/interface/web/features/intel/map.tsx[0m:[0m[33m20[0m:[0m[33m10[0m

[0m[1mTS2874 [0m[ERROR]: This JSX tag requires 'jsx' to be in scope, but it could not be found.
        <div class="mt-12 grid grid-cols-1 md:grid-cols-2 gap-8">
[0m[31m         ~~~[0m
    at [0m[36mfile:///home/dagizoltan/workspace/counter-terrorist/src/orchestrator/interface/web/features/intel/map.tsx[0m:[0m[33m24[0m:[0m[33m10[0m

[0m[1mTS2874 [0m[ERROR]: This JSX tag requires 'jsx' to be in scope, but it could not be found.
           <div class="bg-white/5 border border-white/10 rounded-2xl p-8">
[0m[31m            ~~~[0m
    at [0m[36mfile:///home/dagizoltan/workspace/counter-terrorist/src/orchestrator/interface/web/features/intel/map.tsx[0m:[0m[33m25[0m:[0m[33m13[0m

[0m[1mTS2874 [0m[ERROR]: This JSX tag requires 'jsx' to be in scope, but it could not be found.
              <h3 class="text-lg font-bold text-white mb-4 flex items-center gap-2">
[0m[31m               ~~[0m
    at [0m[36mfile:///home/dagizoltan/workspace/counter-terrorist/src/orchestrator/interface/web/features/intel/map.tsx[0m:[0m[33m26[0m:[0m[33m16[0m

[0m[1mTS2874 [0m[ERROR]: This JSX tag requires 'jsx' to be in scope, but it could not be found.
    at [0m[36mfile:///home/dagizoltan/workspace/counter-terrorist/src/orchestrator/interface/web/features/intel/map.tsx[0m:[0m[33m27[0m:[0m[33m19[0m

[0m[1mTS2874 [0m[ERROR]: This JSX tag requires 'jsx' to be in scope, but it could not be found.
    at [0m[36mfile:///home/dagizoltan/workspace/counter-terrorist/src/orchestrator/interface/web/features/intel/map.tsx[0m:[0m[33m27[0m:[0m[33m223[0m

[0m[1mTS2874 [0m[ERROR]: This JSX tag requires 'jsx' to be in scope, but it could not be found.
    at [0m[36mfile:///home/dagizoltan/workspace/counter-terrorist/src/orchestrator/interface/web/features/intel/map.tsx[0m:[0m[33m27[0m:[0m[33m278[0m

[0m[1mTS2874 [0m[ERROR]: This JSX tag requires 'jsx' to be in scope, but it could not be found.
              <p class="text-sm text-slate-500 leading-relaxed">
[0m[31m               ^[0m
    at [0m[36mfile:///home/dagizoltan/workspace/counter-terrorist/src/orchestrator/interface/web/features/intel/map.tsx[0m:[0m[33m30[0m:[0m[33m16[0m

[0m[1mTS2874 [0m[ERROR]: This JSX tag requires 'jsx' to be in scope, but it could not be found.
           <div class="bg-white/5 border border-white/10 rounded-2xl p-8">
[0m[31m            ~~~[0m
    at [0m[36mfile:///home/dagizoltan/workspace/counter-terrorist/src/orchestrator/interface/web/features/intel/map.tsx[0m:[0m[33m34[0m:[0m[33m13[0m

[0m[1mTS2874 [0m[ERROR]: This JSX tag requires 'jsx' to be in scope, but it could not be found.
              <h3 class="text-lg font-bold text-white mb-4 flex items-center gap-2">
[0m[31m               ~~[0m
    at [0m[36mfile:///home/dagizoltan/workspace/counter-terrorist/src/orchestrator/interface/web/features/intel/map.tsx[0m:[0m[33m35[0m:[0m[33m16[0m

[0m[1mTS2874 [0m[ERROR]: This JSX tag requires 'jsx' to be in scope, but it could not be found.
    at [0m[36mfile:///home/dagizoltan/workspace/counter-terrorist/src/orchestrator/interface/web/features/intel/map.tsx[0m:[0m[33m36[0m:[0m[33m19[0m

[0m[1mTS2874 [0m[ERROR]: This JSX tag requires 'jsx' to be in scope, but it could not be found.
    at [0m[36mfile:///home/dagizoltan/workspace/counter-terrorist/src/orchestrator/interface/web/features/intel/map.tsx[0m:[0m[33m36[0m:[0m[33m222[0m

[0m[1mTS2874 [0m[ERROR]: This JSX tag requires 'jsx' to be in scope, but it could not be found.
    at [0m[36mfile:///home/dagizoltan/workspace/counter-terrorist/src/orchestrator/interface/web/features/intel/map.tsx[0m:[0m[33m36[0m:[0m[33m277[0m

[0m[1mTS2874 [0m[ERROR]: This JSX tag requires 'jsx' to be in scope, but it could not be found.
              <p class="text-sm text-slate-500 leading-relaxed">
[0m[31m               ^[0m
    at [0m[36mfile:///home/dagizoltan/workspace/counter-terrorist/src/orchestrator/interface/web/features/intel/map.tsx[0m:[0m[33m39[0m:[0m[33m16[0m

[0m[1mTS2874 [0m[ERROR]: This JSX tag requires 'jsx' to be in scope, but it could not be found.
      <script type="module" dangerouslySetInnerHTML={{ __html: `
[0m[31m       ~~~~~~[0m
    at [0m[36mfile:///home/dagizoltan/workspace/counter-terrorist/src/orchestrator/interface/web/features/intel/map.tsx[0m:[0m[33m46[0m:[0m[33m8[0m

[0m[1mTS2345 [0m[ERROR]: Argument of type 'string | undefined' is not assignable to parameter of type 'string'.
  Type 'undefined' is not assignable to type 'string'.
    const role = await deps.isTokenValid(token);
[0m[31m                                         ~~~~~[0m
    at [0m[36mfile:///home/dagizoltan/workspace/counter-terrorist/src/orchestrator/interface/web/features/login/handler.tsx[0m:[0m[33m51[0m:[0m[33m42[0m

[0m[1mTS18047 [0m[ERROR]: 'result' is possibly 'null'.
        if (result.success && result.data) {
[0m[31m            ~~~~~~[0m
    at [0m[36mfile:///home/dagizoltan/workspace/counter-terrorist/src/orchestrator/interface/web/middleware/security.ts[0m:[0m[33m53[0m:[0m[33m13[0m

[0m[1mTS2339 [0m[ERROR]: Property 'success' does not exist on type 'Session'.
        if (result.success && result.data) {
[0m[31m                   ~~~~~~~[0m
    at [0m[36mfile:///home/dagizoltan/workspace/counter-terrorist/src/orchestrator/interface/web/middleware/security.ts[0m:[0m[33m53[0m:[0m[33m20[0m

[0m[1mTS18047 [0m[ERROR]: 'result' is possibly 'null'.
        if (result.success && result.data) {
[0m[31m                              ~~~~~~[0m
    at [0m[36mfile:///home/dagizoltan/workspace/counter-terrorist/src/orchestrator/interface/web/middleware/security.ts[0m:[0m[33m53[0m:[0m[33m31[0m

[0m[1mTS2339 [0m[ERROR]: Property 'data' does not exist on type 'Session'.
        if (result.success && result.data) {
[0m[31m                                     ~~~~[0m
    at [0m[36mfile:///home/dagizoltan/workspace/counter-terrorist/src/orchestrator/interface/web/middleware/security.ts[0m:[0m[33m53[0m:[0m[33m38[0m

[0m[1mTS18047 [0m[ERROR]: 'result' is possibly 'null'.
          const session = result.data;
[0m[31m                          ~~~~~~[0m
    at [0m[36mfile:///home/dagizoltan/workspace/counter-terrorist/src/orchestrator/interface/web/middleware/security.ts[0m:[0m[33m54[0m:[0m[33m27[0m

[0m[1mTS2339 [0m[ERROR]: Property 'data' does not exist on type 'Session'.
          const session = result.data;
[0m[31m                                 ~~~~[0m
    at [0m[36mfile:///home/dagizoltan/workspace/counter-terrorist/src/orchestrator/interface/web/middleware/security.ts[0m:[0m[33m54[0m:[0m[33m34[0m

[0m[1mTS18047 [0m[ERROR]: 'result' is possibly 'null'.
        if (result.success && result.data) {
[0m[31m            ~~~~~~[0m
    at [0m[36mfile:///home/dagizoltan/workspace/counter-terrorist/src/orchestrator/interface/web/middleware/security.ts[0m:[0m[33m84[0m:[0m[33m13[0m

[0m[1mTS2339 [0m[ERROR]: Property 'success' does not exist on type 'Role'.
  Property 'success' does not exist on type '"admin"'.
        if (result.success && result.data) {
[0m[31m                   ~~~~~~~[0m
    at [0m[36mfile:///home/dagizoltan/workspace/counter-terrorist/src/orchestrator/interface/web/middleware/security.ts[0m:[0m[33m84[0m:[0m[33m20[0m

[0m[1mTS18047 [0m[ERROR]: 'result' is possibly 'null'.
        if (result.success && result.data) {
[0m[31m                              ~~~~~~[0m
    at [0m[36mfile:///home/dagizoltan/workspace/counter-terrorist/src/orchestrator/interface/web/middleware/security.ts[0m:[0m[33m84[0m:[0m[33m31[0m

[0m[1mTS2339 [0m[ERROR]: Property 'data' does not exist on type 'Role'.
  Property 'data' does not exist on type '"admin"'.
        if (result.success && result.data) {
[0m[31m                                     ~~~~[0m
    at [0m[36mfile:///home/dagizoltan/workspace/counter-terrorist/src/orchestrator/interface/web/middleware/security.ts[0m:[0m[33m84[0m:[0m[33m38[0m

[0m[1mTS18047 [0m[ERROR]: 'result' is possibly 'null'.
          c.set("role", result.data);
[0m[31m                        ~~~~~~[0m
    at [0m[36mfile:///home/dagizoltan/workspace/counter-terrorist/src/orchestrator/interface/web/middleware/security.ts[0m:[0m[33m85[0m:[0m[33m25[0m

[0m[1mTS2339 [0m[ERROR]: Property 'data' does not exist on type 'Role'.
  Property 'data' does not exist on type '"admin"'.
          c.set("role", result.data);
[0m[31m                               ~~~~[0m
    at [0m[36mfile:///home/dagizoltan/workspace/counter-terrorist/src/orchestrator/interface/web/middleware/security.ts[0m:[0m[33m85[0m:[0m[33m32[0m

[0m[1mTS2339 [0m[ERROR]: Property 'success' does not exist on type '{ rawKey: string; id: string; }'.
    if (!result.success) return c.json({ error: result.error.message }, 500);
[0m[31m                ~~~~~~~[0m
    at [0m[36mfile:///home/dagizoltan/workspace/counter-terrorist/src/orchestrator/interface/web/routes/api.tsx[0m:[0m[33m44[0m:[0m[33m17[0m

[0m[1mTS2339 [0m[ERROR]: Property 'error' does not exist on type '{ rawKey: string; id: string; }'.
    if (!result.success) return c.json({ error: result.error.message }, 500);
[0m[31m                                                       ~~~~~[0m
    at [0m[36mfile:///home/dagizoltan/workspace/counter-terrorist/src/orchestrator/interface/web/routes/api.tsx[0m:[0m[33m44[0m:[0m[33m56[0m

[0m[1mTS2339 [0m[ERROR]: Property 'data' does not exist on type '{ rawKey: string; id: string; }'.
    return c.json(result.data);
[0m[31m                         ~~~~[0m
    at [0m[36mfile:///home/dagizoltan/workspace/counter-terrorist/src/orchestrator/interface/web/routes/api.tsx[0m:[0m[33m45[0m:[0m[33m26[0m

[0m[1mTS2339 [0m[ERROR]: Property 'success' does not exist on type 'void'.
    if (!result.success) return c.json({ error: result.error.message }, 500);
[0m[31m                ~~~~~~~[0m
    at [0m[36mfile:///home/dagizoltan/workspace/counter-terrorist/src/orchestrator/interface/web/routes/api.tsx[0m:[0m[33m51[0m:[0m[33m17[0m

[0m[1mTS2339 [0m[ERROR]: Property 'error' does not exist on type 'void'.
    if (!result.success) return c.json({ error: result.error.message }, 500);
[0m[31m                                                       ~~~~~[0m
    at [0m[36mfile:///home/dagizoltan/workspace/counter-terrorist/src/orchestrator/interface/web/routes/api.tsx[0m:[0m[33m51[0m:[0m[33m56[0m

[0m[1mTS2322 [0m[ERROR]: Type '{ status: any; csrfToken: any; }' is not assignable to type '{ csrfToken?: string | undefined; }'.
  Property 'status' does not exist on type '{ csrfToken?: string | undefined; }'.
    return c.html(<NotificationsPage status={status} csrfToken={csrfToken} />);
[0m[31m                                     ~~~~~~[0m
    at [0m[36mfile:///home/dagizoltan/workspace/counter-terrorist/src/orchestrator/interface/web/routes/ui.tsx[0m:[0m[33m55[0m:[0m[33m38[0m

[0m[1mTS2339 [0m[ERROR]: Property 'ThreatMapPage' does not exist on type 'typeof import("file:///home/dagizoltan/workspace/counter-terrorist/src/orchestrator/interface/web/features/intel/map.tsx")'.
     const { ThreatMapPage } = await import("../features/intel/map.tsx");
[0m[31m             ~~~~~~~~~~~~~[0m
    at [0m[36mfile:///home/dagizoltan/workspace/counter-terrorist/src/orchestrator/interface/web/routes/ui.tsx[0m:[0m[33m60[0m:[0m[33m14[0m

[0m[1mTS18047 [0m[ERROR]: 'result' is possibly 'null'.
    return (result.success && result.data) ? result.data : null;
[0m[31m            ~~~~~~[0m
    at [0m[36mfile:///home/dagizoltan/workspace/counter-terrorist/src/orchestrator/interface/web/web_adapter.tsx[0m:[0m[33m116[0m:[0m[33m13[0m

[0m[1mTS2339 [0m[ERROR]: Property 'success' does not exist on type 'Role'.
  Property 'success' does not exist on type '"admin"'.
    return (result.success && result.data) ? result.data : null;
[0m[31m                   ~~~~~~~[0m
    at [0m[36mfile:///home/dagizoltan/workspace/counter-terrorist/src/orchestrator/interface/web/web_adapter.tsx[0m:[0m[33m116[0m:[0m[33m20[0m

[0m[1mTS18047 [0m[ERROR]: 'result' is possibly 'null'.
    return (result.success && result.data) ? result.data : null;
[0m[31m                              ~~~~~~[0m
    at [0m[36mfile:///home/dagizoltan/workspace/counter-terrorist/src/orchestrator/interface/web/web_adapter.tsx[0m:[0m[33m116[0m:[0m[33m31[0m

[0m[1mTS2339 [0m[ERROR]: Property 'data' does not exist on type 'Role'.
  Property 'data' does not exist on type '"admin"'.
    return (result.success && result.data) ? result.data : null;
[0m[31m                                     ~~~~[0m
    at [0m[36mfile:///home/dagizoltan/workspace/counter-terrorist/src/orchestrator/interface/web/web_adapter.tsx[0m:[0m[33m116[0m:[0m[33m38[0m

[0m[1mTS18047 [0m[ERROR]: 'result' is possibly 'null'.
    return (result.success && result.data) ? result.data : null;
[0m[31m                                             ~~~~~~[0m
    at [0m[36mfile:///home/dagizoltan/workspace/counter-terrorist/src/orchestrator/interface/web/web_adapter.tsx[0m:[0m[33m116[0m:[0m[33m46[0m

[0m[1mTS2339 [0m[ERROR]: Property 'data' does not exist on type 'Role'.
  Property 'data' does not exist on type '"admin"'.
    return (result.success && result.data) ? result.data : null;
[0m[31m                                                    ~~~~[0m
    at [0m[36mfile:///home/dagizoltan/workspace/counter-terrorist/src/orchestrator/interface/web/web_adapter.tsx[0m:[0m[33m116[0m:[0m[33m53[0m

[0m[1mTS2741 [0m[ERROR]: Property 'lockdown' is missing in type 'Protection' but required in type 'ProtectionPort'.
  protection,
[0m[31m  ~~~~~~~~~~[0m
    at [0m[36mfile:///home/dagizoltan/workspace/counter-terrorist/src/orchestrator/main.ts[0m:[0m[33m130[0m:[0m[33m3[0m

    'lockdown' is declared here.
      lockdown(): Promise<CommandResult>;
    [0m[36m  ~~~~~~~~~~~~~~~~~~~~~~~~~~~~~~~~~~~[0m
        at [0m[36mfile:///home/dagizoltan/workspace/counter-terrorist/src/orchestrator/core/ports.ts[0m:[0m[33m79[0m:[0m[33m3[0m    The expected type comes from property 'protection' which is declared here on type 'ServiceContainer'
      protection: ProtectionPort;
    [0m[36m  ~~~~~~~~~~[0m
        at [0m[36mfile:///home/dagizoltan/workspace/counter-terrorist/src/orchestrator/core/container.ts[0m:[0m[33m20[0m:[0m[33m3[0m

[0m[1mTS2322 [0m[ERROR]: Type 'SidecarManager' is not assignable to type 'CommandPort'.
  The types returned by 'sendCommand(...)' are incompatible between these types.
    Type 'Promise<SidecarResponse>' is not assignable to type 'Promise<CommandResult>'.
      Type 'SidecarResponse' is not assignable to type 'CommandResult'.
        Types of property 'stdout' are incompatible.
          Type 'string | undefined' is not assignable to type 'string'.
            Type 'undefined' is not assignable to type 'string'.
  command: sidecarManager,
[0m[31m  ~~~~~~~[0m
    at [0m[36mfile:///home/dagizoltan/workspace/counter-terrorist/src/orchestrator/main.ts[0m:[0m[33m131[0m:[0m[33m3[0m

    The expected type comes from property 'command' which is declared here on type 'ServiceContainer'
      command: CommandPort;
    [0m[36m  ~~~~~~~[0m
        at [0m[36mfile:///home/dagizoltan/workspace/counter-terrorist/src/orchestrator/core/container.ts[0m:[0m[33m21[0m:[0m[33m3[0m

[0m[1mTS18046 [0m[ERROR]: 'e' is of type 'unknown'.
                console.warn(`[CANARY] Failed to deploy ${token.path}: ${e.message}`);
[0m[31m                                                                         ^[0m
    at [0m[36mfile:///home/dagizoltan/workspace/counter-terrorist/src/orchestrator/services/defense/canary_service.ts[0m:[0m[33m51[0m:[0m[33m74[0m

[0m[1mTS18046 [0m[ERROR]: 'e' is of type 'unknown'.
                console.warn(`[CANARY] Morph failed for ${token.path}: ${e.message}`);
[0m[31m                                                                         ^[0m
    at [0m[36mfile:///home/dagizoltan/workspace/counter-terrorist/src/orchestrator/services/defense/canary_service.ts[0m:[0m[33m89[0m:[0m[33m74[0m

[0m[1mTS18046 [0m[ERROR]: 'e' is of type 'unknown'.
      this.logging.log(`[INTEL] Failed to fetch threat list: ${e.message}. Using local cache.`, SyslogSeverity.WARNING);
[0m[31m                                                               ^[0m
    at [0m[36mfile:///home/dagizoltan/workspace/counter-terrorist/src/orchestrator/services/defense/threat_intel.ts[0m:[0m[33m44[0m:[0m[33m64[0m

[0m[1mTS18046 [0m[ERROR]: 'e' is of type 'unknown'.
            console.error("[METRICS] Collection error:", e.message);
[0m[31m                                                         ^[0m
    at [0m[36mfile:///home/dagizoltan/workspace/counter-terrorist/src/orchestrator/services/forensics/metrics_service.ts[0m:[0m[33m163[0m:[0m[33m58[0m

[0m[1mTS2339 [0m[ERROR]: Property 'runPlaybook' does not exist on type 'PlaybookService'.
        await this.playbookService.runPlaybook("Emergency Isolation");
[0m[31m                                   ~~~~~~~~~~~[0m
    at [0m[36mfile:///home/dagizoltan/workspace/counter-terrorist/src/orchestrator/services/orchestration/autopilot_service.ts[0m:[0m[33m48[0m:[0m[33m36[0m

[0m[1mTS18046 [0m[ERROR]: 'e' is of type 'unknown'.
                console.warn(`[KERNEL] Failed to apply ${param}: ${e.message}`);
[0m[31m                                                                   ^[0m
    at [0m[36mfile:///home/dagizoltan/workspace/counter-terrorist/src/orchestrator/services/orchestration/kernel_service.ts[0m:[0m[33m34[0m:[0m[33m68[0m

[0m[1mTS18046 [0m[ERROR]: 'e' is of type 'unknown'.
            this.logging.log(`[MESH] Node ${node.hostname} denied/failed approval: ${e.message}`, SyslogSeverity.WARNING);
[0m[31m                                                                                     ^[0m
    at [0m[36mfile:///home/dagizoltan/workspace/counter-terrorist/src/orchestrator/services/orchestration/mesh.ts[0m:[0m[33m430[0m:[0m[33m86[0m

Found 90 errors.

[0m[1m[31merror[0m: Type checking failed.
